// Jest Snapshot v1, https://goo.gl/fbAQLP

exports[`Footer tests Footer matches snapshot 1`] = `
Object {
  "asFragment": [Function],
  "baseElement": <body>
    <div>
      <footer
        class="text-center text-lg-start text-white"
      >
        <section
          class="p-3 pt-0"
        >
          <div
            class="row d-flex align-items-center"
          >
            <div
              class="col-md-7 col-lg-8 text-center text-md-start"
            >
              <div
                class="p-3"
              >
                © 2022 Copyright:
                <a
                  class="text-white"
                  href="https://amyspawton.com/"
                >
                  Amy Spawton
                </a>
              </div>
            </div>
            <div
              class="col-md-5 col-lg-4 ml-lg-0 text-center text-md-end"
            >
              <a
                class="btn btn-outline-light btn-floating m-1 text-white"
                role="button"
              >
                <i
                  class="fab fa-facebook-f"
                />
              </a>
              <a
                class="btn btn-outline-light btn-floating m-1 text-white"
                role="button"
              >
                <i
                  class="fab fa-twitter"
                />
              </a>
              <a
                class="btn btn-outline-light btn-floating m-1 text-white"
                role="button"
              >
                <i
                  class="fab fa-google"
                />
              </a>
              <a
                class="btn btn-outline-light btn-floating m-1 text-white"
                role="button"
              >
                <i
                  class="fab fa-instagram"
                />
              </a>
            </div>
          </div>
        </section>
      </footer>
    </div>
  </body>,
  "container": <div>
    <footer
      class="text-center text-lg-start text-white"
    >
      <section
        class="p-3 pt-0"
      >
        <div
          class="row d-flex align-items-center"
        >
          <div
            class="col-md-7 col-lg-8 text-center text-md-start"
          >
            <div
              class="p-3"
            >
              © 2022 Copyright:
              <a
                class="text-white"
                href="https://amyspawton.com/"
              >
                Amy Spawton
              </a>
            </div>
          </div>
          <div
            class="col-md-5 col-lg-4 ml-lg-0 text-center text-md-end"
          >
            <a
              class="btn btn-outline-light btn-floating m-1 text-white"
              role="button"
            >
              <i
                class="fab fa-facebook-f"
              />
            </a>
            <a
              class="btn btn-outline-light btn-floating m-1 text-white"
              role="button"
            >
              <i
                class="fab fa-twitter"
              />
            </a>
            <a
              class="btn btn-outline-light btn-floating m-1 text-white"
              role="button"
            >
              <i
                class="fab fa-google"
              />
            </a>
            <a
              class="btn btn-outline-light btn-floating m-1 text-white"
              role="button"
            >
              <i
                class="fab fa-instagram"
              />
            </a>
          </div>
        </div>
      </section>
    </footer>
  </div>,
  "debug": [Function],
  "findAllByAltText": [Function],
  "findAllByDisplayValue": [Function],
  "findAllByLabelText": [Function],
  "findAllByPlaceholderText": [Function],
  "findAllByRole": [Function],
  "findAllByTestId": [Function],
  "findAllByText": [Function],
  "findAllByTitle": [Function],
  "findByAltText": [Function],
  "findByDisplayValue": [Function],
  "findByLabelText": [Function],
  "findByPlaceholderText": [Function],
  "findByRole": [Function],
  "findByTestId": [Function],
  "findByText": [Function],
  "findByTitle": [Function],
  "getAllByAltText": [Function],
  "getAllByDisplayValue": [Function],
  "getAllByLabelText": [Function],
  "getAllByPlaceholderText": [Function],
  "getAllByRole": [Function],
  "getAllByTestId": [Function],
  "getAllByText": [Function],
  "getAllByTitle": [Function],
  "getByAltText": [Function],
  "getByDisplayValue": [Function],
  "getByLabelText": [Function],
  "getByPlaceholderText": [Function],
  "getByRole": [Function],
  "getByTestId": [Function],
  "getByText": [Function],
  "getByTitle": [Function],
  "queryAllByAltText": [Function],
  "queryAllByDisplayValue": [Function],
  "queryAllByLabelText": [Function],
  "queryAllByPlaceholderText": [Function],
  "queryAllByRole": [Function],
  "queryAllByTestId": [Function],
  "queryAllByText": [Function],
  "queryAllByTitle": [Function],
  "queryByAltText": [Function],
  "queryByDisplayValue": [Function],
  "queryByLabelText": [Function],
  "queryByPlaceholderText": [Function],
  "queryByRole": [Function],
  "queryByTestId": [Function],
  "queryByText": [Function],
  "queryByTitle": [Function],
  "rerender": [Function],
  "unmount": [Function],
}
`;
