// Jest Snapshot v1, https://goo.gl/fbAQLP

exports[`Header tests Header matches snapshot 1`] = `
Object {
  "asFragment": [Function],
  "baseElement": <body>
    <div>
      <header>
        <nav
          class="navbar navbar-expand-lg ms-auto"
        >
          <div
            class="container-fluid justify-content-start"
          >
            <h1
              class="headerh4"
            >
              CHITTER
            </h1>
          </div>
          <div
            class="container-fluid justify-content-end"
          >
            <a
              aria-current="page"
              class="headernavlink active"
              href="/"
            >
              Home
            </a>
            <a
              class="headernavlink"
              href="/login"
            >
              Log In
            </a>
            <a
              class="headernavlink"
              href="/signup"
            >
              Sign Up
            </a>
          </div>
        </nav>
      </header>
    </div>
  </body>,
  "container": <div>
    <header>
      <nav
        class="navbar navbar-expand-lg ms-auto"
      >
        <div
          class="container-fluid justify-content-start"
        >
          <h1
            class="headerh4"
          >
            CHITTER
          </h1>
        </div>
        <div
          class="container-fluid justify-content-end"
        >
          <a
            aria-current="page"
            class="headernavlink active"
            href="/"
          >
            Home
          </a>
          <a
            class="headernavlink"
            href="/login"
          >
            Log In
          </a>
          <a
            class="headernavlink"
            href="/signup"
          >
            Sign Up
          </a>
        </div>
      </nav>
    </header>
  </div>,
  "debug": [Function],
  "findAllByAltText": [Function],
  "findAllByDisplayValue": [Function],
  "findAllByLabelText": [Function],
  "findAllByPlaceholderText": [Function],
  "findAllByRole": [Function],
  "findAllByTestId": [Function],
  "findAllByText": [Function],
  "findAllByTitle": [Function],
  "findByAltText": [Function],
  "findByDisplayValue": [Function],
  "findByLabelText": [Function],
  "findByPlaceholderText": [Function],
  "findByRole": [Function],
  "findByTestId": [Function],
  "findByText": [Function],
  "findByTitle": [Function],
  "getAllByAltText": [Function],
  "getAllByDisplayValue": [Function],
  "getAllByLabelText": [Function],
  "getAllByPlaceholderText": [Function],
  "getAllByRole": [Function],
  "getAllByTestId": [Function],
  "getAllByText": [Function],
  "getAllByTitle": [Function],
  "getByAltText": [Function],
  "getByDisplayValue": [Function],
  "getByLabelText": [Function],
  "getByPlaceholderText": [Function],
  "getByRole": [Function],
  "getByTestId": [Function],
  "getByText": [Function],
  "getByTitle": [Function],
  "queryAllByAltText": [Function],
  "queryAllByDisplayValue": [Function],
  "queryAllByLabelText": [Function],
  "queryAllByPlaceholderText": [Function],
  "queryAllByRole": [Function],
  "queryAllByTestId": [Function],
  "queryAllByText": [Function],
  "queryAllByTitle": [Function],
  "queryByAltText": [Function],
  "queryByDisplayValue": [Function],
  "queryByLabelText": [Function],
  "queryByPlaceholderText": [Function],
  "queryByRole": [Function],
  "queryByTestId": [Function],
  "queryByText": [Function],
  "queryByTitle": [Function],
  "rerender": [Function],
  "unmount": [Function],
}
`;
